AIAIAIAI